---
source: crates/compiler/backend/tests/bytecode.rs
expression: "BytecodePrinter::new(&bundle, bundle_len)"
input_file: crates/compiler/backend/tests/data/ternary.reds
snapshot_kind: text
---
// Test;Int32 (f0)
return
cond 50 49
invoke.static j47 l0 f1 0000000000000000
invoke.static j30 l0 f2 0000000000000000
param 0
i32.const 2
param.end
i32.zero
param.end
true.const
false.const

// OperatorEqual (f1)

// OperatorModulo (f2)
