---
source: crates/compiler/backend/tests/bytecode.rs
expression: "BytecodePrinter::new(&bundle, bundle_len)"
input_file: crates/compiler/backend/tests/data/cast.reds
---
// Test; (f0)
assign
local 0
invoke.static j17 l6 f1 0000000000000000
i32.one
param.end
assign
local 1
invoke.static j21 l7 f2 0000000000000000
i32.const 2
param.end

// Cast;Int32;Float (f1)

// Cast;Int32;String (f2)
