---
source: crates/compiler/backend/tests/bytecode.rs
expression: "BytecodePrinter::new(&bundle, bundle_len)"
input_file: crates/compiler/backend/tests/data/switch.reds
---
// Test;Int32 (f0)
switch 7
invoke.static j30 l5 f1 0000000000000000
param 0
i32.const 4
param.end
switch.label 7 31
i32.const -1
switch.label 3 21
i32.one
switch.label 7 15
i32.const 2
switch.label 10 5
i32.const 3
jump 3
switch.default
return
true.const
return
false.const

// OperatorModulo;Int32Int32 (f1)
