---
source: crates/compiler/frontend/tests/errors.rs
expression: "DisplayDiagnostics(reporter.into_reported(), &sources)"
input_file: crates/compiler/frontend/tests/data/expr-checks.reds
---
[INVALID_PLACE] At tests/data/expr-checks.reds:11:3
  ReturnsInt() = 2;
  ^^^^^^^^^^^^^^^^
this expression is not a place that can be written to

[INVALID_TEMP] At tests/data/expr-checks.reds:13:4
  (new Struct(2)).x;
   ^^^^^^^^^^^^^
the highlighted temporary value cannot be used in this expression, consider extracting it to a local

[INVALID_TEMP] At tests/data/expr-checks.reds:15:13
  ArraySize(ReturnsArray());
            ^^^^^^^^^^^^^^
the highlighted temporary value cannot be used in this expression, consider extracting it to a local

[INVALID_TEMP] At tests/data/expr-checks.reds:16:3
  ReturnsArray()[0] = 2;
  ^^^^^^^^^^^^^^
the highlighted temporary value cannot be used in this expression, consider extracting it to a local

[INVALID_TEMP] At tests/data/expr-checks.reds:18:15
  HasOutParam(2);
              ^
the highlighted temporary value cannot be used in this expression, consider extracting it to a local
