---
source: crates/compiler/frontend/tests/errors.rs
expression: "DisplayDiagnostics(reporter.into_reported(), &sources)"
input_file: crates/compiler/frontend/tests/data/interpolation-error.reds
snapshot_kind: text
---
[UNRESOLVED_REF] At tests/data/interpolation-error.reds:3:17
  return s"asd \(unresolved)";
                ^^^^^^^^^^
'unresolved' is not defined
