---
source: crates/compiler/frontend/tests/errors.rs
expression: "DisplayDiagnostics(diagnostics, &sources)"
input_file: crates/compiler/frontend/tests/data/annotation-checks.reds
snapshot_kind: text
---
At tests\data\annotation-checks.reds:8:13
@wrapMethod(UserClass)
            ^^^^^^^^^
this annotation attempts to modify a user-defined symbol, which is not allowed

At tests\data\annotation-checks.reds:12:13
@wrapMethod(NonExistingClass)
            ^^^^^^^^^^^^^^^^
'NonExistingClass' is not a known type

At tests\data\annotation-checks.reds:13:6
func HelloWorld(x: String) {
     ^^^^^^^^^^
could not find a method with a matching signature for the @wrapMethod annotation

At tests\data\annotation-checks.reds:17:6
func ForbiddenGenericAnnotatedMethod<A>(a: A) {
     ^^^^^^^^^^^^^^^^^^^^^^^^^^^^^^^
annotated methods cannot be generic
