---
source: crates/compiler/frontend/tests/errors.rs
expression: "DisplayDiagnostics(diagnostics, &sources)"
input_file: crates/compiler/frontend/tests/data/invariance-checks.reds
snapshot_kind: text
---
[TYPE_ERR] At tests\data\invariance-checks.reds:12:21
  AcceptsClassArray(arr);
                    ^^^
type mismatch: found Class when expected Subclass
  when comparing array<Subclass> and array<Class>
